// Jest Snapshot v1, https://goo.gl/fbAQLP

exports[`renders correctly without packets 1`] = `
<View
  pointerEvents="box-none"
  style={
    Object {
      "flex": 1,
    }
  }
>
  <View
    collapsable={true}
    pointerEvents="box-none"
    style={
      Object {
        "flex": 1,
      }
    }
  >
    <View
      style={
        Object {
          "alignItems": "center",
          "height": "100%",
          "justifyContent": "center",
          "width": "100%",
        }
      }
    >
      <Text
        allowFontScaling={false}
        style={
          Array [
            Object {
              "color": "#ddd",
              "fontSize": 600,
            },
            undefined,
            Object {
              "fontFamily": "Material Icons",
              "fontStyle": "normal",
              "fontWeight": "normal",
            },
            Object {},
          ]
        }
      >
        
      </Text>
      <Text
        style={
          Array [
            Object {
              "color": "#000000",
              "fontFamily": "System",
              "fontWeight": "400",
              "textAlign": "left",
            },
            Array [
              Object {
                "color": "rgba(0, 0, 0, 0.54)",
                "fontFamily": "System",
                "fontWeight": "400",
                "textAlign": "left",
                "writingDirection": "ltr",
              },
              Array [
                Object {
                  "fontSize": 12,
                  "letterSpacing": 0.4,
                  "lineHeight": 20,
                  "marginVertical": 2,
                },
                undefined,
              ],
              Array [
                Object {
                  "fontSize": 12,
                  "letterSpacing": 0.4,
                  "lineHeight": 20,
                  "marginVertical": 2,
                },
                undefined,
              ],
            ],
          ]
        }
      >
        Nenhuma encomenda nesta lista
      </Text>
    </View>
  </View>
</View>
`;
