// Jest Snapshot v1, https://goo.gl/fbAQLP

exports[`renders correctly with packets 1`] = `
<View
  pointerEvents="box-none"
  style={
    Object {
      "flex": 1,
    }
  }
>
  <View
    collapsable={true}
    pointerEvents="box-none"
    style={
      Object {
        "flex": 1,
      }
    }
  >
    <ScrollView>
      <View
        style={
          Object {
            "paddingHorizontal": 8,
          }
        }
      >
        <TouchableHighlight
          activeOpacity={0.85}
          delayPressOut={100}
          underlayColor="#E5E5E5"
        >
          <View
            style={
              Object {
                "color": "#f9f9f9",
                "flexDirection": "row",
                "justifyContent": "space-between",
                "marginVertical": 8,
              }
            }
          >
            <View>
              <Text
                style={
                  Array [
                    Object {
                      "color": "#000000",
                      "fontFamily": "System",
                      "fontWeight": "400",
                      "textAlign": "left",
                    },
                    Object {
                      "color": "#141414",
                    },
                  ]
                }
              >
                iPhone 7
              </Text>
              <Text
                style={
                  Array [
                    Object {
                      "color": "#000000",
                      "fontFamily": "System",
                      "fontWeight": "400",
                      "textAlign": "left",
                    },
                    Object {
                      "color": "#3E8989",
                      "fontWeight": "bold",
                    },
                  ]
                }
              >
                delivered
              </Text>
              <Text
                style={
                  Array [
                    Object {
                      "color": "#000000",
                      "fontFamily": "System",
                      "fontWeight": "400",
                      "textAlign": "left",
                    },
                    Object {
                      "color": "#939393",
                    },
                  ]
                }
              >
                PW086958109BR
              </Text>
            </View>
            <View
              style={
                Object {
                  "alignItems": "flex-end",
                }
              }
            >
              <Text
                numberOfLines={1}
                style={
                  Object {
                    "alignSelf": "flex-end",
                    "backgroundColor": "#f50057",
                    "borderRadius": 10,
                    "color": "#ffffff",
                    "fontFamily": "System",
                    "fontSize": 10,
                    "fontWeight": "400",
                    "height": 20,
                    "lineHeight": 20,
                    "minWidth": 20,
                    "opacity": 1,
                    "overflow": "hidden",
                    "paddingHorizontal": 4,
                    "textAlign": "center",
                    "textAlignVertical": "center",
                  }
                }
              >
                SEDEX
              </Text>
              <Text
                style={
                  Array [
                    Object {
                      "color": "#000000",
                      "fontFamily": "System",
                      "fontWeight": "400",
                      "textAlign": "left",
                    },
                    undefined,
                  ]
                }
              >
                Invalid date
              </Text>
            </View>
          </View>
        </TouchableHighlight>
        <View
          style={
            Array [
              Object {
                "backgroundColor": "rgba(0, 0, 0, 0.12)",
                "height": 0.5,
              },
              undefined,
              undefined,
            ]
          }
        />
      </View>
    </ScrollView>
  </View>
</View>
`;

exports[`renders correctly without packets 1`] = `
<View
  pointerEvents="box-none"
  style={
    Object {
      "flex": 1,
    }
  }
>
  <View
    collapsable={true}
    pointerEvents="box-none"
    style={
      Object {
        "flex": 1,
      }
    }
  />
</View>
`;
